Archive member included to satisfy reference by file (symbol)

/opt/st/stm32cubeide_1.19.0/plugins/com.st.stm32cube.ide.mcu.externaltools.gnu-tools-for-stm32.13.3.rel1.linux64_1.0.0.202410170706/tools/bin/../lib/gcc/arm-none-eabi/13.3.1/../../../../arm-none-eabi/lib/thumb/v6-m/nofp/libc_nano.a(libc_a-exit.o)
                              /opt/st/stm32cubeide_1.19.0/plugins/com.st.stm32cube.ide.mcu.externaltools.gnu-tools-for-stm32.13.3.rel1.linux64_1.0.0.202410170706/tools/bin/../lib/gcc/arm-none-eabi/13.3.1/../../../../arm-none-eabi/lib/thumb/v6-m/nofp/crt0.o (exit)
/opt/st/stm32cubeide_1.19.0/plugins/com.st.stm32cube.ide.mcu.externaltools.gnu-tools-for-stm32.13.3.rel1.linux64_1.0.0.202410170706/tools/bin/../lib/gcc/arm-none-eabi/13.3.1/../../../../arm-none-eabi/lib/thumb/v6-m/nofp/libc_nano.a(libc_a-findfp.o)
                              /opt/st/stm32cubeide_1.19.0/plugins/com.st.stm32cube.ide.mcu.externaltools.gnu-tools-for-stm32.13.3.rel1.linux64_1.0.0.202410170706/tools/bin/../lib/gcc/arm-none-eabi/13.3.1/../../../../arm-none-eabi/lib/thumb/v6-m/nofp/libc_nano.a(libc_a-exit.o) (__stdio_exit_handler)
/opt/st/stm32cubeide_1.19.0/plugins/com.st.stm32cube.ide.mcu.externaltools.gnu-tools-for-stm32.13.3.rel1.linux64_1.0.0.202410170706/tools/bin/../lib/gcc/arm-none-eabi/13.3.1/../../../../arm-none-eabi/lib/thumb/v6-m/nofp/libc_nano.a(libc_a-fwalk.o)
                              /opt/st/stm32cubeide_1.19.0/plugins/com.st.stm32cube.ide.mcu.externaltools.gnu-tools-for-stm32.13.3.rel1.linux64_1.0.0.202410170706/tools/bin/../lib/gcc/arm-none-eabi/13.3.1/../../../../arm-none-eabi/lib/thumb/v6-m/nofp/libc_nano.a(libc_a-findfp.o) (_fwalk_sglue)
/opt/st/stm32cubeide_1.19.0/plugins/com.st.stm32cube.ide.mcu.externaltools.gnu-tools-for-stm32.13.3.rel1.linux64_1.0.0.202410170706/tools/bin/../lib/gcc/arm-none-eabi/13.3.1/../../../../arm-none-eabi/lib/thumb/v6-m/nofp/libc_nano.a(libc_a-stdio.o)
                              /opt/st/stm32cubeide_1.19.0/plugins/com.st.stm32cube.ide.mcu.externaltools.gnu-tools-for-stm32.13.3.rel1.linux64_1.0.0.202410170706/tools/bin/../lib/gcc/arm-none-eabi/13.3.1/../../../../arm-none-eabi/lib/thumb/v6-m/nofp/libc_nano.a(libc_a-findfp.o) (__sread)
/opt/st/stm32cubeide_1.19.0/plugins/com.st.stm32cube.ide.mcu.externaltools.gnu-tools-for-stm32.13.3.rel1.linux64_1.0.0.202410170706/tools/bin/../lib/gcc/arm-none-eabi/13.3.1/../../../../arm-none-eabi/lib/thumb/v6-m/nofp/libc_nano.a(libc_a-memset.o)
                              /opt/st/stm32cubeide_1.19.0/plugins/com.st.stm32cube.ide.mcu.externaltools.gnu-tools-for-stm32.13.3.rel1.linux64_1.0.0.202410170706/tools/bin/../lib/gcc/arm-none-eabi/13.3.1/../../../../arm-none-eabi/lib/thumb/v6-m/nofp/crt0.o (memset)
/opt/st/stm32cubeide_1.19.0/plugins/com.st.stm32cube.ide.mcu.externaltools.gnu-tools-for-stm32.13.3.rel1.linux64_1.0.0.202410170706/tools/bin/../lib/gcc/arm-none-eabi/13.3.1/../../../../arm-none-eabi/lib/thumb/v6-m/nofp/libc_nano.a(libc_a-closer.o)
                              /opt/st/stm32cubeide_1.19.0/plugins/com.st.stm32cube.ide.mcu.externaltools.gnu-tools-for-stm32.13.3.rel1.linux64_1.0.0.202410170706/tools/bin/../lib/gcc/arm-none-eabi/13.3.1/../../../../arm-none-eabi/lib/thumb/v6-m/nofp/libc_nano.a(libc_a-stdio.o) (_close_r)
/opt/st/stm32cubeide_1.19.0/plugins/com.st.stm32cube.ide.mcu.externaltools.gnu-tools-for-stm32.13.3.rel1.linux64_1.0.0.202410170706/tools/bin/../lib/gcc/arm-none-eabi/13.3.1/../../../../arm-none-eabi/lib/thumb/v6-m/nofp/libc_nano.a(libc_a-reent.o)
                              /opt/st/stm32cubeide_1.19.0/plugins/com.st.stm32cube.ide.mcu.externaltools.gnu-tools-for-stm32.13.3.rel1.linux64_1.0.0.202410170706/tools/bin/../lib/gcc/arm-none-eabi/13.3.1/../../../../arm-none-eabi/lib/thumb/v6-m/nofp/libc_nano.a(libc_a-closer.o) (errno)
/opt/st/stm32cubeide_1.19.0/plugins/com.st.stm32cube.ide.mcu.externaltools.gnu-tools-for-stm32.13.3.rel1.linux64_1.0.0.202410170706/tools/bin/../lib/gcc/arm-none-eabi/13.3.1/../../../../arm-none-eabi/lib/thumb/v6-m/nofp/libc_nano.a(libc_a-impure.o)
                              /opt/st/stm32cubeide_1.19.0/plugins/com.st.stm32cube.ide.mcu.externaltools.gnu-tools-for-stm32.13.3.rel1.linux64_1.0.0.202410170706/tools/bin/../lib/gcc/arm-none-eabi/13.3.1/../../../../arm-none-eabi/lib/thumb/v6-m/nofp/libc_nano.a(libc_a-reent.o) (_impure_ptr)
/opt/st/stm32cubeide_1.19.0/plugins/com.st.stm32cube.ide.mcu.externaltools.gnu-tools-for-stm32.13.3.rel1.linux64_1.0.0.202410170706/tools/bin/../lib/gcc/arm-none-eabi/13.3.1/../../../../arm-none-eabi/lib/thumb/v6-m/nofp/libc_nano.a(libc_a-lseekr.o)
                              /opt/st/stm32cubeide_1.19.0/plugins/com.st.stm32cube.ide.mcu.externaltools.gnu-tools-for-stm32.13.3.rel1.linux64_1.0.0.202410170706/tools/bin/../lib/gcc/arm-none-eabi/13.3.1/../../../../arm-none-eabi/lib/thumb/v6-m/nofp/libc_nano.a(libc_a-stdio.o) (_lseek_r)
[...]
Memory Configuration

Name             Origin             Length             Attributes
RAM              0x20000000         0x00002000         xrw
FLASH            0x08000000         0x00010000         xr
*default*        0x00000000         0xffffffff

Linker script and memory map

LOAD /opt/st/stm32cubeide_1.19.0/plugins/com.st.stm32cube.ide.mcu.externaltools.gnu-tools-for-stm32.13.3.rel1.linux64_1.0.0.202410170706/tools/bin/../lib/gcc/arm-none-eabi/13.3.1/thumb/v6-m/nofp/crti.o
LOAD /opt/st/stm32cubeide_1.19.0/plugins/com.st.stm32cube.ide.mcu.externaltools.gnu-tools-for-stm32.13.3.rel1.linux64_1.0.0.202410170706/tools/bin/../lib/gcc/arm-none-eabi/13.3.1/thumb/v6-m/nofp/crtbegin.o
LOAD /opt/st/stm32cubeide_1.19.0/plugins/com.st.stm32cube.ide.mcu.externaltools.gnu-tools-for-stm32.13.3.rel1.linux64_1.0.0.202410170706/tools/bin/../lib/gcc/arm-none-eabi/13.3.1/../../../../arm-none-eabi/lib/thumb/v6-m/nofp/crt0.o
LOAD ./Core/Src/main.o
LOAD ./Core/Src/stm32f0xx_hal_msp.o
LOAD ./Core/Src/stm32f0xx_it.o
LOAD ./Core/Src/syscalls.o
LOAD ./Core/Src/sysmem.o
LOAD ./Core/Src/system_stm32f0xx.o
LOAD ./Core/Startup/startup_stm32f051r8tx.o
LOAD ./Drivers/STM32F0xx_HAL_Driver/Src/stm32f0xx_hal.o
LOAD ./Drivers/STM32F0xx_HAL_Driver/Src/stm32f0xx_hal_cortex.o
LOAD ./Drivers/STM32F0xx_HAL_Driver/Src/stm32f0xx_hal_dma.o
LOAD ./Drivers/STM32F0xx_HAL_Driver/Src/stm32f0xx_hal_exti.o
LOAD ./Drivers/STM32F0xx_HAL_Driver/Src/stm32f0xx_hal_flash.o
LOAD ./Drivers/STM32F0xx_HAL_Driver/Src/stm32f0xx_hal_flash_ex.o
LOAD ./Drivers/STM32F0xx_HAL_Driver/Src/stm32f0xx_hal_gpio.o
LOAD ./Drivers/STM32F0xx_HAL_Driver/Src/stm32f0xx_hal_i2c.o
LOAD ./Drivers/STM32F0xx_HAL_Driver/Src/stm32f0xx_hal_i2c_ex.o
LOAD ./Drivers/STM32F0xx_HAL_Driver/Src/stm32f0xx_hal_pwr.o
LOAD ./Drivers/STM32F0xx_HAL_Driver/Src/stm32f0xx_hal_pwr_ex.o
LOAD ./Drivers/STM32F0xx_HAL_Driver/Src/stm32f0xx_hal_rcc.o
LOAD ./Drivers/STM32F0xx_HAL_Driver/Src/stm32f0xx_hal_rcc_ex.o
LOAD ./app/gpio.o
START GROUP
LOAD /opt/st/stm32cubeide_1.19.0/plugins/com.st.stm32cube.ide.mcu.externaltools.gnu-tools-for-stm32.13.3.rel1.linux64_1.0.0.202410170706/tools/bin/../lib/gcc/arm-none-eabi/13.3.1/../../../../arm-none-eabi/lib/thumb/v6-m/nofp/libc_nano.a
LOAD /opt/st/stm32cubeide_1.19.0/plugins/com.st.stm32cube.ide.mcu.externaltools.gnu-tools-for-stm32.13.3.rel1.linux64_1.0.0.202410170706/tools/bin/../lib/gcc/arm-none-eabi/13.3.1/../../../../arm-none-eabi/lib/thumb/v6-m/nofp/libm.a
END GROUP
START GROUP
LOAD /opt/st/stm32cubeide_1.19.0/plugins/com.st.stm32cube.ide.mcu.externaltools.gnu-tools-for-stm32.13.3.rel1.linux64_1.0.0.202410170706/tools/bin/../lib/gcc/arm-none-eabi/13.3.1/thumb/v6-m/nofp/libgcc.a
LOAD /opt/st/stm32cubeide_1.19.0/plugins/com.st.stm32cube.ide.mcu.externaltools.gnu-tools-for-stm32.13.3.rel1.linux64_1.0.0.202410170706/tools/bin/../lib/gcc/arm-none-eabi/13.3.1/../../../../arm-none-eabi/lib/thumb/v6-m/nofp/libc_nano.a
END GROUP
START GROUP
LOAD /opt/st/stm32cubeide_1.19.0/plugins/com.st.stm32cube.ide.mcu.externaltools.gnu-tools-for-stm32.13.3.rel1.linux64_1.0.0.202410170706/tools/bin/../lib/gcc/arm-none-eabi/13.3.1/thumb/v6-m/nofp/libgcc.a
LOAD /opt/st/stm32cubeide_1.19.0/plugins/com.st.stm32cube.ide.mcu.externaltools.gnu-tools-for-stm32.13.3.rel1.linux64_1.0.0.202410170706/tools/bin/../lib/gcc/arm-none-eabi/13.3.1/../../../../arm-none-eabi/lib/thumb/v6-m/nofp/libc_nano.a
LOAD /opt/st/stm32cubeide_1.19.0/plugins/com.st.stm32cube.ide.mcu.externaltools.gnu-tools-for-stm32.13.3.rel1.linux64_1.0.0.202410170706/tools/bin/../lib/gcc/arm-none-eabi/13.3.1/../../../../arm-none-eabi/lib/thumb/v6-m/nofp/libnosys.a
END GROUP
START GROUP
LOAD /opt/st/stm32cubeide_1.19.0/plugins/com.st.stm32cube.ide.mcu.externaltools.gnu-tools-for-stm32.13.3.rel1.linux64_1.0.0.202410170706/tools/bin/../lib/gcc/arm-none-eabi/13.3.1/thumb/v6-m/nofp/libgcc.a
LOAD /opt/st/stm32cubeide_1.19.0/plugins/com.st.stm32cube.ide.mcu.externaltools.gnu-tools-for-stm32.13.3.rel1.linux64_1.0.0.202410170706/tools/bin/../lib/gcc/arm-none-eabi/13.3.1/../../../../arm-none-eabi/lib/thumb/v6-m/nofp/libc_nano.a
LOAD /opt/st/stm32cubeide_1.19.0/plugins/com.st.stm32cube.ide.mcu.externaltools.gnu-tools-for-stm32.13.3.rel1.linux64_1.0.0.202410170706/tools/bin/../lib/gcc/arm-none-eabi/13.3.1/../../../../arm-none-eabi/lib/thumb/v6-m/nofp/libnosys.a
END GROUP
LOAD /opt/st/stm32cubeide_1.19.0/plugins/com.st.stm32cube.ide.mcu.externaltools.gnu-tools-for-stm32.13.3.rel1.linux64_1.0.0.202410170706/tools/bin/../lib/gcc/arm-none-eabi/13.3.1/thumb/v6-m/nofp/crtend.o
LOAD /opt/st/stm32cubeide_1.19.0/plugins/com.st.stm32cube.ide.mcu.externaltools.gnu-tools-for-stm32.13.3.rel1.linux64_1.0.0.202410170706/tools/bin/../lib/gcc/arm-none-eabi/13.3.1/thumb/v6-m/nofp/crtn.o
                0x20002000                        _estack = (ORIGIN (RAM) + LENGTH (RAM))
                0x00000200                        _Min_Heap_Size = 0x200
                0x00000400                        _Min_Stack_Size = 0x400

.isr_vector     0x08000000       0xc0
                0x08000000                        . = ALIGN (0x4)
 *(.isr_vector)
 .isr_vector    0x08000000       0xc0 ./Core/Startup/startup_stm32f051r8tx.o
                0x08000000                g_pfnVectors
                0x080000c0                        . = ALIGN (0x4)

.text           0x080000c0     0x13fc
                0x080000c0                        . = ALIGN (0x4)
 *(.text)
 .text          0x080000c0       0x48 /opt/st/stm32cubeide_1.19.0/plugins/com.st.stm32cube.ide.mcu.externaltools.gnu-tools-for-stm32.13.3.rel1.linux64_1.0.0.202410170706/tools/bin/../lib/gcc/arm-none-eabi/13.3.1/thumb/v6-m/nofp/crtbegin.o
 .text          0x08000108      0x114 /opt/st/stm32cubeide_1.19.0/plugins/com.st.stm32cube.ide.mcu.externaltools.gnu-tools-for-stm32.13.3.rel1.linux64_1.0.0.202410170706/tools/bin/../lib/gcc/arm-none-eabi/13.3.1/thumb/v6-m/nofp/libgcc.a(_udivsi3.o)
                0x08000108                __udivsi3
                0x08000108                __aeabi_uidiv
                0x08000214                __aeabi_uidivmod
 .text          0x0800021c        0x4 /opt/st/stm32cubeide_1.19.0/plugins/com.st.stm32cube.ide.mcu.externaltools.gnu-tools-for-stm32.13.3.rel1.linux64_1.0.0.202410170706/tools/bin/../lib/gcc/arm-none-eabi/13.3.1/thumb/v6-m/nofp/libgcc.a(_dvmd_tls.o)
                0x0800021c                __aeabi_ldiv0
                0x0800021c                __aeabi_idiv0
 *(.text*)
 .text.main     0x08000220       0x28 ./Core/Src/main.o
                0x08000220                main
 .text.SystemClock_Config
                0x08000248       0x94 ./Core/Src/main.o
                0x08000248                SystemClock_Config
 .text.MX_GPIO_Init
                0x080002dc       0x8c ./Core/Src/main.o
 .text.Error_Handler
                0x08000368        0xc ./Core/Src/main.o
                0x08000368                Error_Handler
 .text.HAL_MspInit
                0x08000374       0x48 ./Core/Src/stm32f0xx_hal_msp.o
                0x08000374                HAL_MspInit
 .text.NMI_Handler
                0x080003bc        0x8 ./Core/Src/stm32f0xx_it.o
                0x080003bc                NMI_Handler
 .text.HardFault_Handler
                0x080003c4        0x8 ./Core/Src/stm32f0xx_it.o
                0x080003c4                HardFault_Handler
 .text.SVC_Handler
                0x080003cc        0xa ./Core/Src/stm32f0xx_it.o
                0x080003cc                SVC_Handler
 .text.PendSV_Handler
                0x080003d6        0xa ./Core/Src/stm32f0xx_it.o
                0x080003d6                PendSV_Handler
 .text.SysTick_Handler
                0x080003e0        0xe ./Core/Src/stm32f0xx_it.o
                0x080003e0                SysTick_Handler
 .text.EXTI0_1_IRQHandler
                0x080003ee       0x10 ./Core/Src/stm32f0xx_it.o
                0x080003ee                EXTI0_1_IRQHandler
 .text.SystemInit
                0x080003fe        0xa ./Core/Src/system_stm32f0xx.o
                0x080003fe                SystemInit
 .text.Reset_Handler
                0x08000408       0x50 ./Core/Startup/startup_stm32f051r8tx.o
                0x08000408                Reset_Handler
 .text.Default_Handler
                0x08000458        0x2 ./Core/Startup/startup_stm32f051r8tx.o
                0x08000458                TIM1_CC_IRQHandler
                0x08000458                TSC_IRQHandler
                0x08000458                ADC1_COMP_IRQHandler
                0x08000458                PVD_IRQHandler
                0x08000458                I2C1_IRQHandler
                0x08000458                RCC_CRS_IRQHandler
                0x08000458                SPI1_IRQHandler
                0x08000458                TIM6_DAC_IRQHandler
                0x08000458                EXTI2_3_IRQHandler
                0x08000458                I2C2_IRQHandler
                0x08000458                TIM17_IRQHandler
                0x08000458                CEC_CAN_IRQHandler
                0x08000458                RTC_IRQHandler
                0x08000458                TIM16_IRQHandler
                0x08000458                TIM3_IRQHandler
                0x08000458                EXTI4_15_IRQHandler
                0x08000458                DMA1_Channel1_IRQHandler
                0x08000458                Default_Handler
                0x08000458                TIM14_IRQHandler
                0x08000458                DMA1_Channel4_5_IRQHandler
                0x08000458                TIM15_IRQHandler
                0x08000458                SPI2_IRQHandler
                0x08000458                WWDG_IRQHandler
                0x08000458                TIM2_IRQHandler
                0x08000458                DMA1_Channel2_3_IRQHandler
                0x08000458                USART2_IRQHandler
                0x08000458                FLASH_IRQHandler
                0x08000458                USART1_IRQHandler
                0x08000458                TIM1_BRK_UP_TRG_COM_IRQHandler
 *fill*         0x0800045a        0x2 
 .text.HAL_Init
                0x0800045c       0x28 ./Drivers/STM32F0xx_HAL_Driver/Src/stm32f0xx_hal.o
                0x0800045c                HAL_Init
 .text.HAL_InitTick
                0x08000484       0x68 ./Drivers/STM32F0xx_HAL_Driver/Src/stm32f0xx_hal.o
                0x08000484                HAL_InitTick
 .text.HAL_IncTick
                0x080004ec       0x24 ./Drivers/STM32F0xx_HAL_Driver/Src/stm32f0xx_hal.o
                0x080004ec                HAL_IncTick
 .text.HAL_GetTick
                0x08000510       0x14 ./Drivers/STM32F0xx_HAL_Driver/Src/stm32f0xx_hal.o
                0x08000510                HAL_GetTick
 .text.__NVIC_EnableIRQ
                0x08000524       0x34 ./Drivers/STM32F0xx_HAL_Driver/Src/stm32f0xx_hal_cortex.o
 .text.__NVIC_SetPriority
                0x08000558       0xdc ./Drivers/STM32F0xx_HAL_Driver/Src/stm32f0xx_hal_cortex.o
 .text.SysTick_Config
                0x08000634       0x48 ./Drivers/STM32F0xx_HAL_Driver/Src/stm32f0xx_hal_cortex.o
 .text.HAL_NVIC_SetPriority
                0x0800067c       0x2a ./Drivers/STM32F0xx_HAL_Driver/Src/stm32f0xx_hal_cortex.o
                0x0800067c                HAL_NVIC_SetPriority
 .text.HAL_NVIC_EnableIRQ
                0x080006a6       0x20 ./Drivers/STM32F0xx_HAL_Driver/Src/stm32f0xx_hal_cortex.o
                0x080006a6                HAL_NVIC_EnableIRQ
 .text.HAL_SYSTICK_Config
                0x080006c6       0x1a ./Drivers/STM32F0xx_HAL_Driver/Src/stm32f0xx_hal_cortex.o
                0x080006c6                HAL_SYSTICK_Config
 .text.HAL_GPIO_Init
                0x080006e0      0x2e0 ./Drivers/STM32F0xx_HAL_Driver/Src/stm32f0xx_hal_gpio.o
                0x080006e0                HAL_GPIO_Init
 .text.HAL_GPIO_WritePin
                0x080009c0       0x3a ./Drivers/STM32F0xx_HAL_Driver/Src/stm32f0xx_hal_gpio.o
                0x080009c0                HAL_GPIO_WritePin
 *fill*         0x080009fa        0x2 
 .text.HAL_GPIO_EXTI_IRQHandler
                0x080009fc       0x38 ./Drivers/STM32F0xx_HAL_Driver/Src/stm32f0xx_hal_gpio.o
                0x080009fc                HAL_GPIO_EXTI_IRQHandler
 .text.HAL_RCC_OscConfig
                0x08000a34      0x634 ./Drivers/STM32F0xx_HAL_Driver/Src/stm32f0xx_hal_rcc.o
                0x08000a34                HAL_RCC_OscConfig
 .text.HAL_RCC_ClockConfig
                0x08001068      0x19c ./Drivers/STM32F0xx_HAL_Driver/Src/stm32f0xx_hal_rcc.o
                0x08001068                HAL_RCC_ClockConfig
 .text.HAL_RCC_GetSysClockFreq
                0x08001204       0xac ./Drivers/STM32F0xx_HAL_Driver/Src/stm32f0xx_hal_rcc.o
                0x08001204                HAL_RCC_GetSysClockFreq
 .text.init_led
                0x080012b0       0x80 ./app/gpio.o
                0x080012b0                init_led
 .text.HAL_GPIO_EXTI_Callback
                0x08001330       0x30 ./app/gpio.o
                0x08001330                HAL_GPIO_EXTI_Callback
 .text.loop     0x08001360       0xec ./app/gpio.o
                0x08001360                loop
 .text.memset   0x0800144c       0x10 /opt/st/stm32cubeide_1.19.0/plugins/com.st.stm32cube.ide.mcu.externaltools.gnu-tools-for-stm32.13.3.rel1.linux64_1.0.0.202410170706/tools/bin/../lib/gcc/arm-none-eabi/13.3.1/../../../../arm-none-eabi/lib/thumb/v6-m/nofp/libc_nano.a(libc_a-memset.o)
                0x0800144c                memset
 .text.__libc_init_array
                0x0800145c       0x48 /opt/st/stm32cubeide_1.19.0/plugins/com.st.stm32cube.ide.mcu.externaltools.gnu-tools-for-stm32.13.3.rel1.linux64_1.0.0.202410170706/tools/bin/../lib/gcc/arm-none-eabi/13.3.1/../../../../arm-none-eabi/lib/thumb/v6-m/nofp/libc_nano.a(libc_a-init.o)
                0x0800145c                __libc_init_array
 *(.glue_7)
 .glue_7        0x080014a4        0x0 linker stubs
 *(.glue_7t)
 .glue_7t       0x080014a4        0x0 linker stubs
 *(.eh_frame)
 .eh_frame      0x080014a4        0x0 /opt/st/stm32cubeide_1.19.0/plugins/com.st.stm32cube.ide.mcu.externaltools.gnu-tools-for-stm32.13.3.rel1.linux64_1.0.0.202410170706/tools/bin/../lib/gcc/arm-none-eabi/13.3.1/thumb/v6-m/nofp/crtbegin.o
 *(.init)
 .init          0x080014a4        0x4 /opt/st/stm32cubeide_1.19.0/plugins/com.st.stm32cube.ide.mcu.externaltools.gnu-tools-for-stm32.13.3.rel1.linux64_1.0.0.202410170706/tools/bin/../lib/gcc/arm-none-eabi/13.3.1/thumb/v6-m/nofp/crti.o
                0x080014a4                _init
 .init          0x080014a8        0x8 /opt/st/stm32cubeide_1.19.0/plugins/com.st.stm32cube.ide.mcu.externaltools.gnu-tools-for-stm32.13.3.rel1.linux64_1.0.0.202410170706/tools/bin/../lib/gcc/arm-none-eabi/13.3.1/thumb/v6-m/nofp/crtn.o
 *(.fini)
 .fini          0x080014b0        0x4 /opt/st/stm32cubeide_1.19.0/plugins/com.st.stm32cube.ide.mcu.externaltools.gnu-tools-for-stm32.13.3.rel1.linux64_1.0.0.202410170706/tools/bin/../lib/gcc/arm-none-eabi/13.3.1/thumb/v6-m/nofp/crti.o
                0x080014b0                _fini
 .fini          0x080014b4        0x8 /opt/st/stm32cubeide_1.19.0/plugins/com.st.stm32cube.ide.mcu.externaltools.gnu-tools-for-stm32.13.3.rel1.linux64_1.0.0.202410170706/tools/bin/../lib/gcc/arm-none-eabi/13.3.1/thumb/v6-m/nofp/crtn.o
                0x080014bc                        . = ALIGN (0x4)
                0x080014bc                        _etext = .

.vfp11_veneer   0x080014bc        0x0
 .vfp11_veneer  0x080014bc        0x0 linker stubs

.v4_bx          0x080014bc        0x0
 .v4_bx         0x080014bc        0x0 linker stubs

.iplt           0x080014bc        0x0
 .iplt          0x080014bc        0x0 /opt/st/stm32cubeide_1.19.0/plugins/com.st.stm32cube.ide.mcu.externaltools.gnu-tools-for-stm32.13.3.rel1.linux64_1.0.0.202410170706/tools/bin/../lib/gcc/arm-none-eabi/13.3.1/thumb/v6-m/nofp/crtbegin.o

.rodata         0x080014bc       0x30
                0x080014bc                        . = ALIGN (0x4)
 *(.rodata)
 *(.rodata*)
 .rodata.AHBPrescTable
                0x080014bc       0x10 ./Core/Src/system_stm32f0xx.o
                0x080014bc                AHBPrescTable
 .rodata.aPLLMULFactorTable.1
                0x080014cc       0x10 ./Drivers/STM32F0xx_HAL_Driver/Src/stm32f0xx_hal_rcc.o
 .rodata.aPredivFactorTable.0
                0x080014dc       0x10 ./Drivers/STM32F0xx_HAL_Driver/Src/stm32f0xx_hal_rcc.o
                0x080014ec                        . = ALIGN (0x4)

.ARM.extab      0x080014ec        0x0
                0x080014ec                        . = ALIGN (0x4)
 *(.ARM.extab* .gnu.linkonce.armextab.*)
                0x080014ec                        . = ALIGN (0x4)

.ARM            0x080014ec        0x0
                0x080014ec                        . = ALIGN (0x4)
                0x080014ec                        __exidx_start = .
 *(.ARM.exidx*)
                0x080014ec                        __exidx_end = .
                0x080014ec                        . = ALIGN (0x4)

.preinit_array  0x080014ec        0x0
                0x080014ec                        . = ALIGN (0x4)
                0x080014ec                        PROVIDE (__preinit_array_start = .)
 *(.preinit_array*)
                0x080014ec                        PROVIDE (__preinit_array_end = .)
                0x080014ec                        . = ALIGN (0x4)

.init_array     0x080014ec        0x4
                0x080014ec                        . = ALIGN (0x4)
                0x080014ec                        PROVIDE (__init_array_start = .)
 *(SORT_BY_NAME(.init_array.*))
 *(.init_array*)
 .init_array    0x080014ec        0x4 /opt/st/stm32cubeide_1.19.0/plugins/com.st.stm32cube.ide.mcu.externaltools.gnu-tools-for-stm32.13.3.rel1.linux64_1.0.0.202410170706/tools/bin/../lib/gcc/arm-none-eabi/13.3.1/thumb/v6-m/nofp/crtbegin.o
                0x080014f0                        PROVIDE (__init_array_end = .)
                0x080014f0                        . = ALIGN (0x4)

.fini_array     0x080014f0        0x4
                0x080014f0                        . = ALIGN (0x4)
                [!provide]                        PROVIDE (__fini_array_start = .)
 *(SORT_BY_NAME(.fini_array.*))
 *(.fini_array*)
 .fini_array    0x080014f0        0x4 /opt/st/stm32cubeide_1.19.0/plugins/com.st.stm32cube.ide.mcu.externaltools.gnu-tools-for-stm32.13.3.rel1.linux64_1.0.0.202410170706/tools/bin/../lib/gcc/arm-none-eabi/13.3.1/thumb/v6-m/nofp/crtbegin.o
                [!provide]                        PROVIDE (__fini_array_end = .)
                0x080014f4                        . = ALIGN (0x4)
                0x080014f4                        _sidata = LOADADDR (.data)

.rel.dyn        0x080014f4        0x0
 .rel.iplt      0x080014f4        0x0 /opt/st/stm32cubeide_1.19.0/plugins/com.st.stm32cube.ide.mcu.externaltools.gnu-tools-for-stm32.13.3.rel1.linux64_1.0.0.202410170706/tools/bin/../lib/gcc/arm-none-eabi/13.3.1/thumb/v6-m/nofp/crtbegin.o

.data           0x20000000       0x10 load address 0x080014f4
                0x20000000                        . = ALIGN (0x4)
                0x20000000                        _sdata = .
 *(.data)
 *(.data*)
 .data.LED_GPIO_Port
                0x20000000        0x4 ./Core/Src/main.o
                0x20000000                LED_GPIO_Port
 .data.SystemCoreClock
                0x20000004        0x4 ./Core/Src/system_stm32f0xx.o
                0x20000004                SystemCoreClock
 .data.uwTickPrio
                0x20000008        0x4 ./Drivers/STM32F0xx_HAL_Driver/Src/stm32f0xx_hal.o
                0x20000008                uwTickPrio
 .data.uwTickFreq
                0x2000000c        0x1 ./Drivers/STM32F0xx_HAL_Driver/Src/stm32f0xx_hal.o
                0x2000000c                uwTickFreq
 *fill*         0x2000000d        0x1 
 .data.LED_Pin  0x2000000e        0x2 ./app/gpio.o
                0x2000000e                LED_Pin
 *(.RamFunc)
 *(.RamFunc*)
                0x20000010                        . = ALIGN (0x4)
                0x20000010                        _edata = .

.igot.plt       0x20000010        0x0 load address 0x08001504
 .igot.plt      0x20000010        0x0 /opt/st/stm32cubeide_1.19.0/plugins/com.st.stm32cube.ide.mcu.externaltools.gnu-tools-for-stm32.13.3.rel1.linux64_1.0.0.202410170706/tools/bin/../lib/gcc/arm-none-eabi/13.3.1/thumb/v6-m/nofp/crtbegin.o
                0x20000010                        . = ALIGN (0x4)

.bss            0x20000010       0x28 load address 0x08001504
                0x20000010                        _sbss = .
                0x20000010                        __bss_start__ = _sbss
 *(.bss)
 .bss           0x20000010       0x1c /opt/st/stm32cubeide_1.19.0/plugins/com.st.stm32cube.ide.mcu.externaltools.gnu-tools-for-stm32.13.3.rel1.linux64_1.0.0.202410170706/tools/bin/../lib/gcc/arm-none-eabi/13.3.1/thumb/v6-m/nofp/crtbegin.o
 *(.bss*)
 .bss.blinked   0x2000002c        0x1 ./Core/Src/main.o
                0x2000002c                blinked
 *fill*         0x2000002d        0x3 
 .bss.uwTick    0x20000030        0x4 ./Drivers/STM32F0xx_HAL_Driver/Src/stm32f0xx_hal.o
                0x20000030                uwTick
 .bss.myTick    0x20000034        0x4 ./app/gpio.o
                0x20000034                myTick
 *(COMMON)
                0x20000038                        . = ALIGN (0x4)
                0x20000038                        _ebss = .
                0x20000038                        __bss_end__ = _ebss

._user_heap_stack
                0x20000038      0x600 load address 0x08001504
                0x20000038                        . = ALIGN (0x8)
                [!provide]                        PROVIDE (end = .)
                0x20000038                        PROVIDE (_end = .)
                0x20000238                        . = (. + _Min_Heap_Size)
 *fill*         0x20000038      0x200 
                0x20000638                        . = (. + _Min_Stack_Size)
 *fill*         0x20000238      0x400 
                0x20000638                        . = ALIGN (0x8)

/DISCARD/
 libc.a(*)
 libm.a(*)
 libgcc.a(*)

.ARM.attributes
                0x00000000       0x28
 *(.ARM.attributes)
 .ARM.attributes
                0x00000000       0x1e /opt/st/stm32cubeide_1.19.0/plugins/com.st.stm32cube.ide.mcu.externaltools.gnu-tools-for-stm32.13.3.rel1.linux64_1.0.0.202410170706/tools/bin/../lib/gcc/arm-none-eabi/13.3.1/thumb/v6-m/nofp/crti.o
 .ARM.attributes
                0x0000001e       0x2c /opt/st/stm32cubeide_1.19.0/plugins/com.st.stm32cube.ide.mcu.externaltools.gnu-tools-for-stm32.13.3.rel1.linux64_1.0.0.202410170706/tools/bin/../lib/gcc/arm-none-eabi/13.3.1/thumb/v6-m/nofp/crtbegin.o
 .ARM.attributes
                0x0000004a       0x2c ./Core/Src/main.o
 .ARM.attributes
                0x00000076       0x2c ./Core/Src/stm32f0xx_hal_msp.o
 .ARM.attributes
                0x000000a2       0x2c ./Core/Src/stm32f0xx_it.o
 .ARM.attributes
                0x000000ce       0x2c ./Core/Src/system_stm32f0xx.o
 .ARM.attributes
                0x000000fa       0x21 ./Core/Startup/startup_stm32f051r8tx.o
 .ARM.attributes
                0x0000011b       0x2c ./Drivers/STM32F0xx_HAL_Driver/Src/stm32f0xx_hal.o
 .ARM.attributes
                0x00000147       0x2c ./Drivers/STM32F0xx_HAL_Driver/Src/stm32f0xx_hal_cortex.o
 .ARM.attributes
                0x00000173       0x2c ./Drivers/STM32F0xx_HAL_Driver/Src/stm32f0xx_hal_gpio.o
 .ARM.attributes
                0x0000019f       0x2c ./Drivers/STM32F0xx_HAL_Driver/Src/stm32f0xx_hal_rcc.o
 .ARM.attributes
                0x000001cb       0x2c ./app/gpio.o
 .ARM.attributes
                0x000001f7       0x2c /opt/st/stm32cubeide_1.19.0/plugins/com.st.stm32cube.ide.mcu.externaltools.gnu-tools-for-stm32.13.3.rel1.linux64_1.0.0.202410170706/tools/bin/../lib/gcc/arm-none-eabi/13.3.1/../../../../arm-none-eabi/lib/thumb/v6-m/nofp/libc_nano.a(libc_a-memset.o)
 .ARM.attributes
                0x00000223       0x2c /opt/st/stm32cubeide_1.19.0/plugins/com.st.stm32cube.ide.mcu.externaltools.gnu-tools-for-stm32.13.3.rel1.linux64_1.0.0.202410170706/tools/bin/../lib/gcc/arm-none-eabi/13.3.1/../../../../arm-none-eabi/lib/thumb/v6-m/nofp/libc_nano.a(libc_a-init.o)
 .ARM.attributes
                0x0000024f       0x1e /opt/st/stm32cubeide_1.19.0/plugins/com.st.stm32cube.ide.mcu.externaltools.gnu-tools-for-stm32.13.3.rel1.linux64_1.0.0.202410170706/tools/bin/../lib/gcc/arm-none-eabi/13.3.1/thumb/v6-m/nofp/libgcc.a(_udivsi3.o)
 .ARM.attributes
                0x0000026d       0x1e /opt/st/stm32cubeide_1.19.0/plugins/com.st.stm32cube.ide.mcu.externaltools.gnu-tools-for-stm32.13.3.rel1.linux64_1.0.0.202410170706/tools/bin/../lib/gcc/arm-none-eabi/13.3.1/thumb/v6-m/nofp/libgcc.a(_dvmd_tls.o)
 .ARM.attributes
                0x0000028b       0x1e /opt/st/stm32cubeide_1.19.0/plugins/com.st.stm32cube.ide.mcu.externaltools.gnu-tools-for-stm32.13.3.rel1.linux64_1.0.0.202410170706/tools/bin/../lib/gcc/arm-none-eabi/13.3.1/thumb/v6-m/nofp/crtn.o
OUTPUT(DiscoveryF0.elf elf32-littlearm)
LOAD linker stubs
LOAD /opt/st/stm32cubeide_1.19.0/plugins/com.st.stm32cube.ide.mcu.externaltools.gnu-tools-for-stm32.13.3.rel1.linux64_1.0.0.202410170706/tools/bin/../lib/gcc/arm-none-eabi/13.3.1/../../../../arm-none-eabi/lib/thumb/v6-m/nofp/libc.a
LOAD /opt/st/stm32cubeide_1.19.0/plugins/com.st.stm32cube.ide.mcu.externaltools.gnu-tools-for-stm32.13.3.rel1.linux64_1.0.0.202410170706/tools/bin/../lib/gcc/arm-none-eabi/13.3.1/../../../../arm-none-eabi/lib/thumb/v6-m/nofp/libm.a
LOAD /opt/st/stm32cubeide_1.19.0/plugins/com.st.stm32cube.ide.mcu.externaltools.gnu-tools-for-stm32.13.3.rel1.linux64_1.0.0.202410170706/tools/bin/../lib/gcc/arm-none-eabi/13.3.1/thumb/v6-m/nofp/libgcc.a

.debug_info     0x00000000     0x2a64
 .debug_info    0x00000000      0x668 ./Core/Src/main.o
 .debug_info    0x00000668      0x199 ./Core/Src/stm32f0xx_hal_msp.o
 .debug_info    0x00000801      0x10c ./Core/Src/stm32f0xx_it.o
 .debug_info    0x0000090d      0x242 ./Core/Src/system_stm32f0xx.o
 .debug_info    0x00000b4f       0x30 ./Core/Startup/startup_stm32f051r8tx.o
 .debug_info    0x00000b7f      0x6a9 ./Drivers/STM32F0xx_HAL_Driver/Src/stm32f0xx_hal.o
 .debug_info    0x00001228      0x6b3 ./Drivers/STM32F0xx_HAL_Driver/Src/stm32f0xx_hal_cortex.o
 .debug_info    0x000018db      0x5b4 ./Drivers/STM32F0xx_HAL_Driver/Src/stm32f0xx_hal_gpio.o
 .debug_info    0x00001e8f      0x833 ./Drivers/STM32F0xx_HAL_Driver/Src/stm32f0xx_hal_rcc.o
 .debug_info    0x000026c2      0x3a2 ./app/gpio.o

.debug_abbrev   0x00000000      0xfe4
 .debug_abbrev  0x00000000      0x23b ./Core/Src/main.o
 .debug_abbrev  0x0000023b       0xc6 ./Core/Src/stm32f0xx_hal_msp.o
 .debug_abbrev  0x00000301       0xa0 ./Core/Src/stm32f0xx_it.o
 .debug_abbrev  0x000003a1      0x11c ./Core/Src/system_stm32f0xx.o
 .debug_abbrev  0x000004bd       0x24 ./Core/Startup/startup_stm32f051r8tx.o
 .debug_abbrev  0x000004e1      0x247 ./Drivers/STM32F0xx_HAL_Driver/Src/stm32f0xx_hal.o
 .debug_abbrev  0x00000728      0x28c ./Drivers/STM32F0xx_HAL_Driver/Src/stm32f0xx_hal_cortex.o
 .debug_abbrev  0x000009b4      0x1ca ./Drivers/STM32F0xx_HAL_Driver/Src/stm32f0xx_hal_gpio.o
 .debug_abbrev  0x00000b7e      0x28c ./Drivers/STM32F0xx_HAL_Driver/Src/stm32f0xx_hal_rcc.o
 .debug_abbrev  0x00000e0a      0x1da ./app/gpio.o

.debug_aranges  0x00000000      0x388
 .debug_aranges
                0x00000000       0x38 ./Core/Src/main.o
 .debug_aranges
                0x00000038       0x20 ./Core/Src/stm32f0xx_hal_msp.o
 .debug_aranges
                0x00000058       0x48 ./Core/Src/stm32f0xx_it.o
 .debug_aranges
                0x000000a0       0x28 ./Core/Src/system_stm32f0xx.o
 .debug_aranges
                0x000000c8       0x28 ./Core/Startup/startup_stm32f051r8tx.o
 .debug_aranges
                0x000000f0       0xd0 ./Drivers/STM32F0xx_HAL_Driver/Src/stm32f0xx_hal.o
 .debug_aranges
                0x000001c0       0xc0 ./Drivers/STM32F0xx_HAL_Driver/Src/stm32f0xx_hal_cortex.o
 .debug_aranges
                0x00000280       0x58 ./Drivers/STM32F0xx_HAL_Driver/Src/stm32f0xx_hal_gpio.o
 .debug_aranges
                0x000002d8       0x80 ./Drivers/STM32F0xx_HAL_Driver/Src/stm32f0xx_hal_rcc.o
 .debug_aranges
                0x00000358       0x30 ./app/gpio.o

.debug_rnglists
                0x00000000      0x281
 .debug_rnglists
                0x00000000       0x27 ./Core/Src/main.o
 .debug_rnglists
                0x00000027       0x13 ./Core/Src/stm32f0xx_hal_msp.o
 .debug_rnglists
                0x0000003a       0x31 ./Core/Src/stm32f0xx_it.o
 .debug_rnglists
                0x0000006b       0x1a ./Core/Src/system_stm32f0xx.o
 .debug_rnglists
                0x00000085       0x19 ./Core/Startup/startup_stm32f051r8tx.o
 .debug_rnglists
                0x0000009e       0x97 ./Drivers/STM32F0xx_HAL_Driver/Src/stm32f0xx_hal.o
 .debug_rnglists
                0x00000135       0x8c ./Drivers/STM32F0xx_HAL_Driver/Src/stm32f0xx_hal_cortex.o
 .debug_rnglists
                0x000001c1       0x3f ./Drivers/STM32F0xx_HAL_Driver/Src/stm32f0xx_hal_gpio.o
 .debug_rnglists
                0x00000200       0x60 ./Drivers/STM32F0xx_HAL_Driver/Src/stm32f0xx_hal_rcc.o
 .debug_rnglists
                0x00000260       0x21 ./app/gpio.o

.debug_macro    0x00000000    0x102ee
 .debug_macro   0x00000000      0x1b2 ./Core/Src/main.o
 .debug_macro   0x000001b2      0xaae ./Core/Src/main.o
 .debug_macro   0x00000c60      0x127 ./Core/Src/main.o
 .debug_macro   0x00000d87       0x2e ./Core/Src/main.o
 .debug_macro   0x00000db5       0x22 ./Core/Src/main.o
 .debug_macro   0x00000dd7       0x22 ./Core/Src/main.o
 .debug_macro   0x00000df9       0x8e ./Core/Src/main.o
 .debug_macro   0x00000e87       0x51 ./Core/Src/main.o
 .debug_macro   0x00000ed8      0x103 ./Core/Src/main.o
 .debug_macro   0x00000fdb       0x6a ./Core/Src/main.o
 .debug_macro   0x00001045      0x1df ./Core/Src/main.o
 .debug_macro   0x00001224       0x1c ./Core/Src/main.o
 .debug_macro   0x00001240       0x22 ./Core/Src/main.o
 .debug_macro   0x00001262       0xaf ./Core/Src/main.o
 .debug_macro   0x00001311      0x391 ./Core/Src/main.o
 .debug_macro   0x000016a2     0x8d00 ./Core/Src/main.o
 .debug_macro   0x0000a3a2       0x66 ./Core/Src/main.o
 .debug_macro   0x0000a408     0x34da ./Core/Src/main.o
 .debug_macro   0x0000d8e2      0x190 ./Core/Src/main.o
 .debug_macro   0x0000da72       0x55 ./Core/Src/main.o
 .debug_macro   0x0000dac7      0x924 ./Core/Src/main.o
 .debug_macro   0x0000e3eb      0x251 ./Core/Src/main.o
 .debug_macro   0x0000e63c      0x1ae ./Core/Src/main.o
 .debug_macro   0x0000e7ea      0x114 ./Core/Src/main.o
 .debug_macro   0x0000e8fe      0x1a0 ./Core/Src/main.o
 .debug_macro   0x0000ea9e      0x1ed ./Core/Src/main.o
 .debug_macro   0x0000ec8b       0x34 ./Core/Src/main.o
 .debug_macro   0x0000ecbf       0x43 ./Core/Src/main.o
 .debug_macro   0x0000ed02       0x28 ./Core/Src/main.o
 .debug_macro   0x0000ed2a       0xb0 ./Core/Src/main.o
 .debug_macro   0x0000edda      0x199 ./Core/Src/main.o
 .debug_macro   0x0000ef73      0x22c ./Core/Src/main.o
 .debug_macro   0x0000f19f       0x61 ./Core/Src/main.o
 .debug_macro   0x0000f200       0xa5 ./Core/Src/main.o
 .debug_macro   0x0000f2a5       0x4c ./Core/Src/main.o
 .debug_macro   0x0000f2f1      0x112 ./Core/Src/main.o
 .debug_macro   0x0000f403      0x114 ./Core/Src/main.o
 .debug_macro   0x0000f517       0x46 ./Core/Src/main.o
 .debug_macro   0x0000f55d       0x22 ./Core/Src/main.o
 .debug_macro   0x0000f57f      0x1a9 ./Core/Src/stm32f0xx_hal_msp.o
 .debug_macro   0x0000f728      0x1b3 ./Core/Src/stm32f0xx_it.o
 .debug_macro   0x0000f8db      0x19a ./Core/Src/system_stm32f0xx.o
 .debug_macro   0x0000fa75      0x1be ./Drivers/STM32F0xx_HAL_Driver/Src/stm32f0xx_hal.o
 .debug_macro   0x0000fc33      0x19a ./Drivers/STM32F0xx_HAL_Driver/Src/stm32f0xx_hal_cortex.o
 .debug_macro   0x0000fdcd      0x1a1 ./Drivers/STM32F0xx_HAL_Driver/Src/stm32f0xx_hal_gpio.o
 .debug_macro   0x0000ff6e      0x1ac ./Drivers/STM32F0xx_HAL_Driver/Src/stm32f0xx_hal_rcc.o
 .debug_macro   0x0001011a      0x1b8 ./app/gpio.o
 .debug_macro   0x000102d2       0x1c ./app/gpio.o

.debug_line     0x00000000     0x4bfb
 .debug_line    0x00000000      0x71e ./Core/Src/main.o
 .debug_line    0x0000071e      0x643 ./Core/Src/stm32f0xx_hal_msp.o
 .debug_line    0x00000d61      0x6b8 ./Core/Src/stm32f0xx_it.o
 .debug_line    0x00001419      0x6b3 ./Core/Src/system_stm32f0xx.o
 .debug_line    0x00001acc       0x7b ./Core/Startup/startup_stm32f051r8tx.o
 .debug_line    0x00001b47      0x8c2 ./Drivers/STM32F0xx_HAL_Driver/Src/stm32f0xx_hal.o
 .debug_line    0x00002409      0x96a ./Drivers/STM32F0xx_HAL_Driver/Src/stm32f0xx_hal_cortex.o
 .debug_line    0x00002d73      0xa27 ./Drivers/STM32F0xx_HAL_Driver/Src/stm32f0xx_hal_gpio.o
 .debug_line    0x0000379a      0xd53 ./Drivers/STM32F0xx_HAL_Driver/Src/stm32f0xx_hal_rcc.o
 .debug_line    0x000044ed      0x70e ./app/gpio.o

.debug_str      0x00000000    0x60655
 .debug_str     0x00000000    0x60655 ./Core/Src/main.o
                              0x5ff1a (size before relaxing)
 .debug_str     0x00060655    0x5fa8f ./Core/Src/stm32f0xx_hal_msp.o
 .debug_str     0x00060655    0x5fab7 ./Core/Src/stm32f0xx_it.o
 .debug_str     0x00060655    0x5f9ec ./Core/Src/system_stm32f0xx.o
 .debug_str     0x00060655       0x7c ./Core/Startup/startup_stm32f051r8tx.o
 .debug_str     0x00060655    0x5ffb2 ./Drivers/STM32F0xx_HAL_Driver/Src/stm32f0xx_hal.o
 .debug_str     0x00060655    0x5fda3 ./Drivers/STM32F0xx_HAL_Driver/Src/stm32f0xx_hal_cortex.o
 .debug_str     0x00060655    0x5fb8d ./Drivers/STM32F0xx_HAL_Driver/Src/stm32f0xx_hal_gpio.o
 .debug_str     0x00060655    0x5fe28 ./Drivers/STM32F0xx_HAL_Driver/Src/stm32f0xx_hal_rcc.o
 .debug_str     0x00060655    0x5fbe7 ./app/gpio.o

.comment        0x00000000       0x43
 .comment       0x00000000       0x43 ./Core/Src/main.o
                                 0x44 (size before relaxing)
 .comment       0x00000043       0x44 ./Core/Src/stm32f0xx_hal_msp.o
 .comment       0x00000043       0x44 ./Core/Src/stm32f0xx_it.o
 .comment       0x00000043       0x44 ./Core/Src/system_stm32f0xx.o
 .comment       0x00000043       0x44 ./Drivers/STM32F0xx_HAL_Driver/Src/stm32f0xx_hal.o
 .comment       0x00000043       0x44 ./Drivers/STM32F0xx_HAL_Driver/Src/stm32f0xx_hal_cortex.o
 .comment       0x00000043       0x44 ./Drivers/STM32F0xx_HAL_Driver/Src/stm32f0xx_hal_gpio.o
 .comment       0x00000043       0x44 ./Drivers/STM32F0xx_HAL_Driver/Src/stm32f0xx_hal_rcc.o
 .comment       0x00000043       0x44 ./app/gpio.o

.debug_frame    0x00000000      0xa80
 .debug_frame   0x00000000       0x88 ./Core/Src/main.o
 .debug_frame   0x00000088       0x30 ./Core/Src/stm32f0xx_hal_msp.o
 .debug_frame   0x000000b8       0xb8 ./Core/Src/stm32f0xx_it.o
 .debug_frame   0x00000170       0x4c ./Core/Src/system_stm32f0xx.o
 .debug_frame   0x000001bc      0x2a4 ./Drivers/STM32F0xx_HAL_Driver/Src/stm32f0xx_hal.o
 .debug_frame   0x00000460      0x2a0 ./Drivers/STM32F0xx_HAL_Driver/Src/stm32f0xx_hal_cortex.o
 .debug_frame   0x00000700      0x110 ./Drivers/STM32F0xx_HAL_Driver/Src/stm32f0xx_hal_gpio.o
 .debug_frame   0x00000810      0x198 ./Drivers/STM32F0xx_HAL_Driver/Src/stm32f0xx_hal_rcc.o
 .debug_frame   0x000009a8       0x6c ./app/gpio.o
 .debug_frame   0x00000a14       0x20 /opt/st/stm32cubeide_1.19.0/plugins/com.st.stm32cube.ide.mcu.externaltools.gnu-tools-for-stm32.13.3.rel1.linux64_1.0.0.202410170706/tools/bin/../lib/gcc/arm-none-eabi/13.3.1/../../../../arm-none-eabi/lib/thumb/v6-m/nofp/libc_nano.a(libc_a-memset.o)
 .debug_frame   0x00000a34       0x2c /opt/st/stm32cubeide_1.19.0/plugins/com.st.stm32cube.ide.mcu.externaltools.gnu-tools-for-stm32.13.3.rel1.linux64_1.0.0.202410170706/tools/bin/../lib/gcc/arm-none-eabi/13.3.1/../../../../arm-none-eabi/lib/thumb/v6-m/nofp/libc_nano.a(libc_a-init.o)
 .debug_frame   0x00000a60       0x20 /opt/st/stm32cubeide_1.19.0/plugins/com.st.stm32cube.ide.mcu.externaltools.gnu-tools-for-stm32.13.3.rel1.linux64_1.0.0.202410170706/tools/bin/../lib/gcc/arm-none-eabi/13.3.1/thumb/v6-m/nofp/libgcc.a(_udivsi3.o)

.debug_line_str
                0x00000000       0x60
 .debug_line_str
                0x00000000       0x60 ./Core/Startup/startup_stm32f051r8tx.o
